14:23:35 **** Incremental Build of configuration Debug for project stm32f4_baremetal_monitor ****
make -j8 all 
arm-none-eabi-size  stm32f4_baremetal_monitor.elf 
   text	   data	    bss	    dec	    hex	filename
   2728	      0	   1568	   4296	   10c8	stm32f4_baremetal_monitor.elf
Finished building: default.size.stdout
 
14:23:38 **** Incremental Build of configuration Debug for project stm32f4_baremetal_monitor ****
make -j8 all 
arm-none-eabi-size  stm32f4_baremetal_monitor.elf 
   text	   data	    bss	    dec	    hex	filename
   2728	      0	   1568	   4296	   10c8	stm32f4_baremetal_monitor.elf
Finished building: default.size.stdout
 
14:24:11 **** Incremental Build of configuration Debug for project stm32f4_baremetal_monitor ****
make -j8 all 
arm-none-eabi-size  stm32f4_baremetal_monitor.elf 
   text	   data	    bss	    dec	    hex	filename
   2728	      0	   1568	   4296	   10c8	stm32f4_baremetal_monitor.elf
Finished building: default.size.stdout
 
