21:44:48 **** Build of configuration Debug for project stm32f4_baremetal_monitor ****
make -j8 all 
arm-none-eabi-gcc -mcpu=cortex-m4 -g3 -DDEBUG -c -x assembler-with-cpp -MMD -MP -MF"Startup/startup_stm32f407vgtx.d" -MT"Startup/startup_stm32f407vgtx.o" --specs=nano.specs -mfpu=fpv4-sp-d16 -mfloat-abi=hard -mthumb -o "Startup/startup_stm32f407vgtx.o" "../Startup/startup_stm32f407vgtx.s"
arm-none-eabi-gcc "../Src/main.c" -mcpu=cortex-m4 -std=gnu11 -g3 -DDEBUG -DSTM32 -DSTM32F407G_DISC1 -DSTM32F4 -DSTM32F407VGTx -c -I../Inc -I"D:/MCU_project/workspace/stm32f4_baremetal_monitor/Drivers/Inc" -O0 -ffunction-sections -fdata-sections -Wall -fstack-usage -fcyclomatic-complexity -MMD -MP -MF"Src/main.d" -MT"Src/main.o" --specs=nano.specs -mfpu=fpv4-sp-d16 -mfloat-abi=hard -mthumb -o "Src/main.o"
arm-none-eabi-gcc "../Src/syscalls.c" -mcpu=cortex-m4 -std=gnu11 -g3 -DDEBUG -DSTM32 -DSTM32F407G_DISC1 -DSTM32F4 -DSTM32F407VGTx -c -I../Inc -I"D:/MCU_project/workspace/stm32f4_baremetal_monitor/Drivers/Inc" -O0 -ffunction-sections -fdata-sections -Wall -fstack-usage -fcyclomatic-complexity -MMD -MP -MF"Src/syscalls.d" -MT"Src/syscalls.o" --specs=nano.specs -mfpu=fpv4-sp-d16 -mfloat-abi=hard -mthumb -o "Src/syscalls.o"
arm-none-eabi-gcc "../Src/sysmem.c" -mcpu=cortex-m4 -std=gnu11 -g3 -DDEBUG -DSTM32 -DSTM32F407G_DISC1 -DSTM32F4 -DSTM32F407VGTx -c -I../Inc -I"D:/MCU_project/workspace/stm32f4_baremetal_monitor/Drivers/Inc" -O0 -ffunction-sections -fdata-sections -Wall -fstack-usage -fcyclomatic-complexity -MMD -MP -MF"Src/sysmem.d" -MT"Src/sysmem.o" --specs=nano.specs -mfpu=fpv4-sp-d16 -mfloat-abi=hard -mthumb -o "Src/sysmem.o"
arm-none-eabi-gcc -o "stm32f4_baremetal_monitor.elf" @"objects.list"   -mcpu=cortex-m4 -T"D:\MCU_project\workspace\stm32f4_baremetal_monitor\STM32F407VGTX_FLASH.ld" --specs=nosys.specs -Wl,-Map="stm32f4_baremetal_monitor.map" -Wl,--gc-sections -static --specs=nano.specs -mfpu=fpv4-sp-d16 -mfloat-abi=hard -mthumb -Wl,--start-group -lc -lm -Wl,--end-group
Finished building target: stm32f4_baremetal_monitor.elf
 
arm-none-eabi-size  stm32f4_baremetal_monitor.elf 
arm-none-eabi-objdump -h -S stm32f4_baremetal_monitor.elf  > "stm32f4_baremetal_monitor.list"
   text	   data	    bss	    dec	    hex	filename
    652	      0	   1568	   2220	    8ac	stm32f4_baremetal_monitor.elf
Finished building: default.size.stdout
 
Finished building: stm32f4_baremetal_monitor.list
 

21:44:52 Build Finished. 0 errors, 0 warnings. (took 3s.945ms)

